// Jest Snapshot v1, https://goo.gl/fbAQLP

exports[`CategoryPicker test snapshot test 1`] = `
<CategoryPicker
  categories={
    Array [
      Object {
        "iconName": "ios-plane",
        "id": 1,
        "name": "travel",
        "type": "outcome",
      },
      Object {
        "iconName": "logo-yen",
        "id": 2,
        "name": "investement",
        "type": "income",
      },
    ]
  }
  onSelectCategory={[MockFunction]}
>
  <div
    className="category-picker-component"
  >
    <div
      className="row"
    >
      <div
        className="category-item col-3"
        key="0"
        onClick={[Function]}
        role="button"
        style={
          Object {
            "textAlign": "center",
          }
        }
      >
        <Ionicon
          beat={false}
          className="rounded-circle"
          color="#555"
          fontSize="50px"
          icon="ios-plane"
          rotate={false}
          shake={false}
          style={
            Object {
              "backgroundColor": "#efefef",
              "padding": "5px",
            }
          }
        >
          <styled.svg
            beat={0}
            className="rounded-circle"
            fill="#555"
            height="50px"
            rotate={0}
            shake={0}
            style={
              Object {
                "backgroundColor": "#efefef",
                "padding": "5px",
              }
            }
            viewBox="0 0 1024 1024"
            width="50px"
          >
            <svg
              className="rounded-circle sc-bdVaJa fUuvxv"
              fill="#555"
              height="50px"
              rotate={0}
              style={
                Object {
                  "backgroundColor": "#efefef",
                  "padding": "5px",
                }
              }
              viewBox="0 0 1024 1024"
              width="50px"
            >
              <path
                d="M448 144h-96l118 311.4-253.6 8.6-88.4-112h-64l64 160-64 160h64l89.8-115.4 252.2 10.4-118 313h96l196.4-309 135.6 3c6.6 0.4 13.2 0.2 20 0.2 88.4 0 160-28.8 160-64.2s-71.6-64-160-64c-6.8 0-13.4 0.2-20 0.4l-135.6 4.4-196.4-306.8z"
              />
            </svg>
          </styled.svg>
        </Ionicon>
        <p>
          travel
        </p>
      </div>
      <div
        className="category-item col-3"
        key="1"
        onClick={[Function]}
        role="button"
        style={
          Object {
            "textAlign": "center",
          }
        }
      >
        <Ionicon
          beat={false}
          className="rounded-circle"
          color="#555"
          fontSize="50px"
          icon="logo-yen"
          rotate={false}
          shake={false}
          style={
            Object {
              "backgroundColor": "#efefef",
              "padding": "5px",
            }
          }
        >
          <styled.svg
            beat={0}
            className="rounded-circle"
            fill="#555"
            height="50px"
            rotate={0}
            shake={0}
            style={
              Object {
                "backgroundColor": "#efefef",
                "padding": "5px",
              }
            }
            viewBox="0 0 1024 1024"
            width="50px"
          >
            <svg
              className="rounded-circle sc-bdVaJa fUuvxv"
              fill="#555"
              height="50px"
              rotate={0}
              style={
                Object {
                  "backgroundColor": "#efefef",
                  "padding": "5px",
                }
              }
              viewBox="0 0 1024 1024"
              width="50px"
            >
              <path
                d="M896 64h-160l-224 442.256-224-442.256h-160l224.736 416h-96.736v96h147.128l28.872 62v34h-176v96h176v192h160v-192h176v-96h-176v-34l29.782-62h146.218v-96h-96.578l224.578-416z"
              />
            </svg>
          </styled.svg>
        </Ionicon>
        <p>
          investement
        </p>
      </div>
    </div>
  </div>
</CategoryPicker>
`;
